2026-07-03 09:01:07.833 +07:00 [INF] === APLIKASI OTHELLO DIMULAI ===
2026-07-03 09:01:07.920 +07:00 [INF] Game Othello dimulai. Pemain pertama yang jalan: "Black"
2026-07-03 09:01:09.907 +07:00 [DBG] Pemain "Black" mencoba menaruh bidak di koordinat Row: 2, Column: 3
2026-07-03 09:01:09.910 +07:00 [INF] Langkah SAH. Pemain "Black" menaruh bidak di Row: 2, Column: 3
2026-07-03 09:26:47.598 +07:00 [INF] === APLIKASI OTHELLO DIMULAI ===
2026-07-03 09:26:47.666 +07:00 [INF] Game Othello dimulai. Pemain pertama yang jalan: "Black"
2026-07-03 09:26:48.731 +07:00 [DBG] Pemain "Black" mencoba menaruh bidak di koordinat Row: 2, Column: 3
2026-07-03 09:26:48.734 +07:00 [INF] Langkah SAH. Pemain "Black" menaruh bidak di Row: 2, Column: 3
2026-07-03 09:26:49.206 +07:00 [DBG] Pemain "White" mencoba menaruh bidak di koordinat Row: 2, Column: 4
2026-07-03 09:26:49.208 +07:00 [INF] Langkah SAH. Pemain "White" menaruh bidak di Row: 2, Column: 4
2026-07-03 09:26:49.627 +07:00 [DBG] Pemain "Black" mencoba menaruh bidak di koordinat Row: 3, Column: 5
2026-07-03 09:26:49.629 +07:00 [INF] Langkah SAH. Pemain "Black" menaruh bidak di Row: 3, Column: 5
2026-07-03 09:26:50.077 +07:00 [DBG] Pemain "White" mencoba menaruh bidak di koordinat Row: 2, Column: 6
2026-07-03 09:26:50.079 +07:00 [INF] Langkah SAH. Pemain "White" menaruh bidak di Row: 2, Column: 6
2026-07-03 09:26:50.446 +07:00 [DBG] Pemain "Black" mencoba menaruh bidak di koordinat Row: 1, Column: 5
2026-07-03 09:26:50.447 +07:00 [INF] Langkah SAH. Pemain "Black" menaruh bidak di Row: 1, Column: 5
2026-07-03 09:26:50.955 +07:00 [DBG] Pemain "White" mencoba menaruh bidak di koordinat Row: 1, Column: 3
2026-07-03 09:26:50.956 +07:00 [INF] Langkah SAH. Pemain "White" menaruh bidak di Row: 1, Column: 3
2026-07-03 09:26:51.311 +07:00 [DBG] Pemain "Black" mencoba menaruh bidak di koordinat Row: 2, Column: 5
2026-07-03 09:26:51.313 +07:00 [INF] Langkah SAH. Pemain "Black" menaruh bidak di Row: 2, Column: 5
2026-07-03 09:26:51.697 +07:00 [DBG] Pemain "White" mencoba menaruh bidak di koordinat Row: 0, Column: 4
2026-07-03 09:26:51.699 +07:00 [INF] Langkah SAH. Pemain "White" menaruh bidak di Row: 0, Column: 4
2026-07-03 09:26:52.036 +07:00 [DBG] Pemain "Black" mencoba menaruh bidak di koordinat Row: 0, Column: 3
2026-07-03 09:26:52.038 +07:00 [INF] Langkah SAH. Pemain "Black" menaruh bidak di Row: 0, Column: 3
2026-07-03 09:26:52.358 +07:00 [DBG] Pemain "White" mencoba menaruh bidak di koordinat Row: 2, Column: 2
2026-07-03 09:26:52.360 +07:00 [INF] Langkah SAH. Pemain "White" menaruh bidak di Row: 2, Column: 2
2026-07-03 09:26:52.641 +07:00 [DBG] Pemain "Black" mencoba menaruh bidak di koordinat Row: 0, Column: 5
2026-07-03 09:26:52.643 +07:00 [INF] Langkah SAH. Pemain "Black" menaruh bidak di Row: 0, Column: 5
2026-07-03 09:26:52.906 +07:00 [DBG] Pemain "White" mencoba menaruh bidak di koordinat Row: 4, Column: 5
2026-07-03 09:26:52.908 +07:00 [INF] Langkah SAH. Pemain "White" menaruh bidak di Row: 4, Column: 5
2026-07-03 09:26:53.150 +07:00 [DBG] Pemain "Black" mencoba menaruh bidak di koordinat Row: 3, Column: 7
2026-07-03 09:26:53.152 +07:00 [INF] Langkah SAH. Pemain "Black" menaruh bidak di Row: 3, Column: 7
2026-07-03 09:26:53.420 +07:00 [DBG] Pemain "White" mencoba menaruh bidak di koordinat Row: 0, Column: 6
2026-07-03 09:26:53.422 +07:00 [INF] Langkah SAH. Pemain "White" menaruh bidak di Row: 0, Column: 6
2026-07-03 09:26:53.689 +07:00 [DBG] Pemain "Black" mencoba menaruh bidak di koordinat Row: 1, Column: 6
2026-07-03 09:26:53.691 +07:00 [INF] Langkah SAH. Pemain "Black" menaruh bidak di Row: 1, Column: 6
2026-07-03 09:26:53.956 +07:00 [DBG] Pemain "White" mencoba menaruh bidak di koordinat Row: 2, Column: 7
2026-07-03 09:26:53.958 +07:00 [INF] Langkah SAH. Pemain "White" menaruh bidak di Row: 2, Column: 7
2026-07-03 09:26:54.972 +07:00 [DBG] Pemain "Black" mencoba menaruh bidak di koordinat Row: 0, Column: 7
2026-07-03 09:26:54.974 +07:00 [INF] Langkah SAH. Pemain "Black" menaruh bidak di Row: 0, Column: 7
2026-07-03 09:26:56.545 +07:00 [DBG] Pemain "White" mencoba menaruh bidak di koordinat Row: 1, Column: 7
2026-07-03 09:26:56.547 +07:00 [INF] Langkah SAH. Pemain "White" menaruh bidak di Row: 1, Column: 7
2026-07-03 09:26:57.172 +07:00 [DBG] Pemain "Black" mencoba menaruh bidak di koordinat Row: 1, Column: 4
2026-07-03 09:26:57.174 +07:00 [INF] Langkah SAH. Pemain "Black" menaruh bidak di Row: 1, Column: 4
2026-07-03 09:26:57.543 +07:00 [DBG] Pemain "White" mencoba menaruh bidak di koordinat Row: 5, Column: 2
2026-07-03 09:26:57.545 +07:00 [INF] Langkah SAH. Pemain "White" menaruh bidak di Row: 5, Column: 2
2026-07-03 09:26:57.900 +07:00 [DBG] Pemain "Black" mencoba menaruh bidak di koordinat Row: 3, Column: 1
2026-07-03 09:26:57.902 +07:00 [INF] Langkah SAH. Pemain "Black" menaruh bidak di Row: 3, Column: 1
2026-07-03 09:26:58.215 +07:00 [DBG] Pemain "White" mencoba menaruh bidak di koordinat Row: 1, Column: 2
2026-07-03 09:26:58.216 +07:00 [INF] Langkah SAH. Pemain "White" menaruh bidak di Row: 1, Column: 2
2026-07-03 09:26:58.572 +07:00 [DBG] Pemain "Black" mencoba menaruh bidak di koordinat Row: 3, Column: 2
2026-07-03 09:26:58.574 +07:00 [INF] Langkah SAH. Pemain "Black" menaruh bidak di Row: 3, Column: 2
2026-07-03 09:26:58.899 +07:00 [DBG] Pemain "White" mencoba menaruh bidak di koordinat Row: 4, Column: 0
2026-07-03 09:26:58.902 +07:00 [INF] Langkah SAH. Pemain "White" menaruh bidak di Row: 4, Column: 0
2026-07-03 09:26:59.202 +07:00 [DBG] Pemain "Black" mencoba menaruh bidak di koordinat Row: 1, Column: 1
2026-07-03 09:26:59.204 +07:00 [INF] Langkah SAH. Pemain "Black" menaruh bidak di Row: 1, Column: 1
2026-07-03 09:26:59.556 +07:00 [DBG] Pemain "White" mencoba menaruh bidak di koordinat Row: 0, Column: 2
2026-07-03 09:26:59.558 +07:00 [INF] Langkah SAH. Pemain "White" menaruh bidak di Row: 0, Column: 2
2026-07-03 09:26:59.832 +07:00 [DBG] Pemain "Black" mencoba menaruh bidak di koordinat Row: 3, Column: 6
2026-07-03 09:26:59.833 +07:00 [INF] Langkah SAH. Pemain "Black" menaruh bidak di Row: 3, Column: 6
2026-07-03 09:27:00.125 +07:00 [DBG] Pemain "White" mencoba menaruh bidak di koordinat Row: 2, Column: 0
2026-07-03 09:27:00.127 +07:00 [INF] Langkah SAH. Pemain "White" menaruh bidak di Row: 2, Column: 0
2026-07-03 09:27:00.442 +07:00 [DBG] Pemain "Black" mencoba menaruh bidak di koordinat Row: 2, Column: 1
2026-07-03 09:27:00.444 +07:00 [INF] Langkah SAH. Pemain "Black" menaruh bidak di Row: 2, Column: 1
2026-07-03 09:27:00.713 +07:00 [DBG] Pemain "White" mencoba menaruh bidak di koordinat Row: 4, Column: 2
2026-07-03 09:27:00.715 +07:00 [INF] Langkah SAH. Pemain "White" menaruh bidak di Row: 4, Column: 2
2026-07-03 09:27:01.067 +07:00 [DBG] Pemain "Black" mencoba menaruh bidak di koordinat Row: 1, Column: 0
2026-07-03 09:27:01.069 +07:00 [INF] Langkah SAH. Pemain "Black" menaruh bidak di Row: 1, Column: 0
2026-07-03 09:27:01.340 +07:00 [DBG] Pemain "White" mencoba menaruh bidak di koordinat Row: 4, Column: 6
2026-07-03 09:27:01.342 +07:00 [INF] Langkah SAH. Pemain "White" menaruh bidak di Row: 4, Column: 6
2026-07-03 09:27:01.623 +07:00 [DBG] Pemain "Black" mencoba menaruh bidak di koordinat Row: 5, Column: 1
2026-07-03 09:27:01.624 +07:00 [INF] Langkah SAH. Pemain "Black" menaruh bidak di Row: 5, Column: 1
2026-07-03 09:27:01.895 +07:00 [DBG] Pemain "White" mencoba menaruh bidak di koordinat Row: 4, Column: 1
2026-07-03 09:27:01.897 +07:00 [INF] Langkah SAH. Pemain "White" menaruh bidak di Row: 4, Column: 1
2026-07-03 09:27:02.170 +07:00 [DBG] Pemain "Black" mencoba menaruh bidak di koordinat Row: 5, Column: 3
2026-07-03 09:27:02.172 +07:00 [INF] Langkah SAH. Pemain "Black" menaruh bidak di Row: 5, Column: 3
2026-07-03 09:27:02.850 +07:00 [DBG] Pemain "White" mencoba menaruh bidak di koordinat Row: 5, Column: 5
2026-07-03 09:27:02.851 +07:00 [INF] Langkah SAH. Pemain "White" menaruh bidak di Row: 5, Column: 5
2026-07-03 09:27:03.416 +07:00 [DBG] Pemain "Black" mencoba menaruh bidak di koordinat Row: 4, Column: 7
2026-07-03 09:27:03.418 +07:00 [INF] Langkah SAH. Pemain "Black" menaruh bidak di Row: 4, Column: 7
2026-07-03 09:27:03.712 +07:00 [DBG] Pemain "White" mencoba menaruh bidak di koordinat Row: 5, Column: 7
2026-07-03 09:27:03.713 +07:00 [INF] Langkah SAH. Pemain "White" menaruh bidak di Row: 5, Column: 7
2026-07-03 09:27:04.004 +07:00 [DBG] Pemain "Black" mencoba menaruh bidak di koordinat Row: 5, Column: 0
2026-07-03 09:27:04.006 +07:00 [INF] Langkah SAH. Pemain "Black" menaruh bidak di Row: 5, Column: 0
2026-07-03 09:27:04.297 +07:00 [DBG] Pemain "White" mencoba menaruh bidak di koordinat Row: 6, Column: 0
2026-07-03 09:27:04.299 +07:00 [INF] Langkah SAH. Pemain "White" menaruh bidak di Row: 6, Column: 0
2026-07-03 09:27:04.601 +07:00 [DBG] Pemain "Black" mencoba menaruh bidak di koordinat Row: 6, Column: 1
2026-07-03 09:27:04.603 +07:00 [INF] Langkah SAH. Pemain "Black" menaruh bidak di Row: 6, Column: 1
2026-07-03 09:27:04.891 +07:00 [DBG] Pemain "White" mencoba menaruh bidak di koordinat Row: 5, Column: 4
2026-07-03 09:27:04.893 +07:00 [INF] Langkah SAH. Pemain "White" menaruh bidak di Row: 5, Column: 4
2026-07-03 09:27:05.166 +07:00 [DBG] Pemain "Black" mencoba menaruh bidak di koordinat Row: 6, Column: 2
2026-07-03 09:27:05.168 +07:00 [INF] Langkah SAH. Pemain "Black" menaruh bidak di Row: 6, Column: 2
2026-07-03 09:27:06.111 +07:00 [DBG] Pemain "White" mencoba menaruh bidak di koordinat Row: 6, Column: 4
2026-07-03 09:27:06.113 +07:00 [INF] Langkah SAH. Pemain "White" menaruh bidak di Row: 6, Column: 4
2026-07-03 09:27:06.707 +07:00 [DBG] Pemain "Black" mencoba menaruh bidak di koordinat Row: 5, Column: 6
2026-07-03 09:27:06.709 +07:00 [INF] Langkah SAH. Pemain "Black" menaruh bidak di Row: 5, Column: 6
2026-07-03 09:27:07.018 +07:00 [DBG] Pemain "White" mencoba menaruh bidak di koordinat Row: 6, Column: 5
2026-07-03 09:27:07.019 +07:00 [INF] Langkah SAH. Pemain "White" menaruh bidak di Row: 6, Column: 5
2026-07-03 09:27:07.421 +07:00 [DBG] Pemain "Black" mencoba menaruh bidak di koordinat Row: 7, Column: 3
2026-07-03 09:27:07.423 +07:00 [INF] Langkah SAH. Pemain "Black" menaruh bidak di Row: 7, Column: 3
2026-07-03 09:27:07.818 +07:00 [DBG] Pemain "White" mencoba menaruh bidak di koordinat Row: 6, Column: 6
2026-07-03 09:27:07.819 +07:00 [INF] Langkah SAH. Pemain "White" menaruh bidak di Row: 6, Column: 6
2026-07-03 09:27:08.173 +07:00 [DBG] Pemain "Black" mencoba menaruh bidak di koordinat Row: 7, Column: 6
2026-07-03 09:27:08.174 +07:00 [INF] Langkah SAH. Pemain "Black" menaruh bidak di Row: 7, Column: 6
2026-07-03 09:27:09.787 +07:00 [DBG] Pemain "White" mencoba menaruh bidak di koordinat Row: 6, Column: 3
2026-07-03 09:27:09.789 +07:00 [INF] Langkah SAH. Pemain "White" menaruh bidak di Row: 6, Column: 3
2026-07-03 09:27:10.169 +07:00 [DBG] Pemain "Black" mencoba menaruh bidak di koordinat Row: 7, Column: 0
2026-07-03 09:27:10.173 +07:00 [INF] Langkah SAH. Pemain "Black" menaruh bidak di Row: 7, Column: 0
2026-07-03 09:27:10.618 +07:00 [DBG] Pemain "White" mencoba menaruh bidak di koordinat Row: 0, Column: 0
2026-07-03 09:27:10.620 +07:00 [INF] Langkah SAH. Pemain "White" menaruh bidak di Row: 0, Column: 0
2026-07-03 09:27:11.140 +07:00 [DBG] Pemain "Black" mencoba menaruh bidak di koordinat Row: 7, Column: 1
2026-07-03 09:27:11.141 +07:00 [INF] Langkah SAH. Pemain "Black" menaruh bidak di Row: 7, Column: 1
2026-07-03 09:27:11.512 +07:00 [DBG] Pemain "White" mencoba menaruh bidak di koordinat Row: 7, Column: 2
2026-07-03 09:27:11.514 +07:00 [INF] Langkah SAH. Pemain "White" menaruh bidak di Row: 7, Column: 2
2026-07-03 09:27:11.840 +07:00 [DBG] Pemain "Black" mencoba menaruh bidak di koordinat Row: 7, Column: 4
2026-07-03 09:27:11.842 +07:00 [INF] Langkah SAH. Pemain "Black" menaruh bidak di Row: 7, Column: 4
2026-07-03 09:27:12.098 +07:00 [DBG] Pemain "White" mencoba menaruh bidak di koordinat Row: 7, Column: 7
2026-07-03 09:27:12.100 +07:00 [INF] Langkah SAH. Pemain "White" menaruh bidak di Row: 7, Column: 7
2026-07-03 09:27:14.379 +07:00 [DBG] Pemain "Black" mencoba menaruh bidak di koordinat Row: 6, Column: 7
2026-07-03 09:27:14.381 +07:00 [INF] Langkah SAH. Pemain "Black" menaruh bidak di Row: 6, Column: 7
2026-07-03 09:27:16.913 +07:00 [DBG] Pemain "White" mencoba menaruh bidak di koordinat Row: 7, Column: 5
2026-07-03 09:27:16.914 +07:00 [INF] Langkah SAH. Pemain "White" menaruh bidak di Row: 7, Column: 5
2026-07-03 09:27:20.023 +07:00 [DBG] Pemain "Black" mencoba menaruh bidak di koordinat Row: 3, Column: 0
2026-07-03 09:27:20.024 +07:00 [INF] Langkah SAH. Pemain "Black" menaruh bidak di Row: 3, Column: 0
2026-07-03 09:27:20.870 +07:00 [DBG] Pemain "White" mencoba menaruh bidak di koordinat Row: 0, Column: 1
2026-07-03 09:27:20.872 +07:00 [INF] Langkah SAH. Pemain "White" menaruh bidak di Row: 0, Column: 1
2026-07-03 09:27:20.885 +07:00 [INF] Game Over! Pemenang: Player 1 (Hitam) | Skor Akhir - Hitam: 33, Putih: 31
2026-07-03 09:27:32.376 +07:00 [INF] === APLIKASI OTHELLO BERHENTI ===
